// Jest Snapshot v1, https://goo.gl/fbAQLP

exports[`Render Signup Page Renders the component 1`] = `
<div>
  <section
    class="MuiContainer-root MuiContainer-maxWidthXs"
    data-testid="page_container__signup"
    style="opacity: 1; webkit-transition: opacity 225ms cubic-bezier(0.4, 0, 0.2, 1) 0ms; transition: opacity 225ms cubic-bezier(0.4, 0, 0.2, 1) 0ms;"
  >
    <div
      class="makeStyles-paper-1"
    >
      <div
        class="MuiAvatar-root makeStyles-avatar-2 MuiAvatar-colorDefault"
      >
        <svg
          aria-hidden="true"
          class="MuiSvgIcon-root"
          focusable="false"
          role="presentation"
          viewBox="0 0 24 24"
        >
          <g
            fill="none"
          >
            <path
              d="M0 0h24v24H0V0z"
            />
            <path
              d="M0 0h24v24H0V0z"
              opacity=".87"
            />
          </g>
          <path
            d="M18 8h-1V6c0-2.76-2.24-5-5-5S7 3.24 7 6v2H6c-1.1 0-2 .9-2 2v10c0 1.1.9 2 2 2h12c1.1 0 2-.9 2-2V10c0-1.1-.9-2-2-2zM9 6c0-1.66 1.34-3 3-3s3 1.34 3 3v2H9V6zm9 14H6V10h12v10zm-6-3c1.1 0 2-.9 2-2s-.9-2-2-2-2 .9-2 2 .9 2 2 2z"
          />
        </svg>
      </div>
      <h1
        class="MuiTypography-root MuiTypography-h5"
      >
        Sign up
      </h1>
      <form
        class="makeStyles-form-3"
        novalidate=""
      >
        <div
          class="MuiGrid-root MuiGrid-container MuiGrid-spacing-xs-2"
        >
          <div
            class="MuiGrid-root MuiGrid-item MuiGrid-grid-xs-12 MuiGrid-grid-sm-6"
          >
            <div
              class="MuiFormControl-root MuiTextField-root MuiFormControl-fullWidth"
            >
              <label
                class="MuiFormLabel-root MuiInputLabel-root MuiInputLabel-formControl MuiInputLabel-animated MuiInputLabel-shrink MuiInputLabel-outlined Mui-focused Mui-focused Mui-required Mui-required"
                data-shrink="true"
                for="firstName"
              >
                First Name
                <span
                  class="MuiFormLabel-asterisk MuiInputLabel-asterisk"
                >
                   
                  *
                </span>
              </label>
              <div
                class="MuiInputBase-root MuiOutlinedInput-root MuiInputBase-fullWidth Mui-focused Mui-focused MuiInputBase-formControl"
              >
                <fieldset
                  aria-hidden="true"
                  class="PrivateNotchedOutline-root-211 MuiOutlinedInput-notchedOutline"
                  style="padding-left: 8px;"
                >
                  <legend
                    class="PrivateNotchedOutline-legend-212"
                    style="width: 0px;"
                  >
                    <span>
                      ​
                    </span>
                  </legend>
                </fieldset>
                <input
                  aria-invalid="false"
                  class="MuiInputBase-input MuiOutlinedInput-input"
                  data-testid="input__firstName"
                  id="firstName"
                  name="firstName"
                  required=""
                  type="text"
                  value=""
                />
              </div>
              
            </div>
          </div>
          <div
            class="MuiGrid-root MuiGrid-item MuiGrid-grid-xs-12 MuiGrid-grid-sm-6"
          >
            <div
              class="MuiFormControl-root MuiTextField-root MuiFormControl-fullWidth"
            >
              <label
                class="MuiFormLabel-root MuiInputLabel-root MuiInputLabel-formControl MuiInputLabel-animated MuiInputLabel-outlined Mui-required Mui-required"
                data-shrink="false"
                for="lastName"
              >
                Last Name
                <span
                  class="MuiFormLabel-asterisk MuiInputLabel-asterisk"
                >
                   
                  *
                </span>
              </label>
              <div
                class="MuiInputBase-root MuiOutlinedInput-root MuiInputBase-fullWidth MuiInputBase-formControl"
              >
                <fieldset
                  aria-hidden="true"
                  class="PrivateNotchedOutline-root-211 MuiOutlinedInput-notchedOutline"
                  style="padding-left: 8px;"
                >
                  <legend
                    class="PrivateNotchedOutline-legend-212"
                    style="width: 0.01px;"
                  >
                    <span>
                      ​
                    </span>
                  </legend>
                </fieldset>
                <input
                  aria-invalid="false"
                  class="MuiInputBase-input MuiOutlinedInput-input"
                  data-testid="input__lastName"
                  id="lastName"
                  name="lastName"
                  required=""
                  type="text"
                  value=""
                />
              </div>
              
            </div>
          </div>
          <div
            class="MuiGrid-root MuiGrid-item MuiGrid-grid-xs-12"
          >
            <div
              class="MuiFormControl-root MuiTextField-root MuiFormControl-fullWidth"
            >
              <label
                class="MuiFormLabel-root MuiInputLabel-root MuiInputLabel-formControl MuiInputLabel-animated MuiInputLabel-outlined Mui-required Mui-required"
                data-shrink="false"
                for="email"
              >
                Email Address
                <span
                  class="MuiFormLabel-asterisk MuiInputLabel-asterisk"
                >
                   
                  *
                </span>
              </label>
              <div
                class="MuiInputBase-root MuiOutlinedInput-root MuiInputBase-fullWidth MuiInputBase-formControl"
              >
                <fieldset
                  aria-hidden="true"
                  class="PrivateNotchedOutline-root-211 MuiOutlinedInput-notchedOutline"
                  style="padding-left: 8px;"
                >
                  <legend
                    class="PrivateNotchedOutline-legend-212"
                    style="width: 0.01px;"
                  >
                    <span>
                      ​
                    </span>
                  </legend>
                </fieldset>
                <input
                  aria-invalid="false"
                  class="MuiInputBase-input MuiOutlinedInput-input"
                  data-testid="input__email"
                  id="email"
                  name="email"
                  required=""
                  type="text"
                  value=""
                />
              </div>
              
            </div>
          </div>
          <div
            class="MuiGrid-root MuiGrid-item MuiGrid-grid-xs-12"
          >
            <div
              class="MuiFormControl-root MuiTextField-root MuiFormControl-fullWidth"
            >
              <label
                class="MuiFormLabel-root MuiInputLabel-root MuiInputLabel-formControl MuiInputLabel-animated MuiInputLabel-outlined Mui-required Mui-required"
                data-shrink="false"
                for="password"
              >
                Password
                <span
                  class="MuiFormLabel-asterisk MuiInputLabel-asterisk"
                >
                   
                  *
                </span>
              </label>
              <div
                class="MuiInputBase-root MuiOutlinedInput-root MuiInputBase-fullWidth MuiInputBase-formControl"
              >
                <fieldset
                  aria-hidden="true"
                  class="PrivateNotchedOutline-root-211 MuiOutlinedInput-notchedOutline"
                  style="padding-left: 8px;"
                >
                  <legend
                    class="PrivateNotchedOutline-legend-212"
                    style="width: 0.01px;"
                  >
                    <span>
                      ​
                    </span>
                  </legend>
                </fieldset>
                <input
                  aria-invalid="false"
                  class="MuiInputBase-input MuiOutlinedInput-input"
                  data-testid="input__password"
                  id="password"
                  name="password"
                  required=""
                  type="password"
                  value=""
                />
              </div>
              
            </div>
          </div>
          <div
            class="MuiGrid-root MuiGrid-item MuiGrid-grid-xs-12"
          >
            <div
              class="MuiFormControl-root MuiTextField-root MuiFormControl-fullWidth"
            >
              <label
                class="MuiFormLabel-root MuiInputLabel-root MuiInputLabel-formControl MuiInputLabel-animated MuiInputLabel-outlined Mui-required Mui-required"
                data-shrink="false"
                for="password_confirmation"
              >
                Confirm Password
                <span
                  class="MuiFormLabel-asterisk MuiInputLabel-asterisk"
                >
                   
                  *
                </span>
              </label>
              <div
                class="MuiInputBase-root MuiOutlinedInput-root MuiInputBase-fullWidth MuiInputBase-formControl"
              >
                <fieldset
                  aria-hidden="true"
                  class="PrivateNotchedOutline-root-211 MuiOutlinedInput-notchedOutline"
                  style="padding-left: 8px;"
                >
                  <legend
                    class="PrivateNotchedOutline-legend-212"
                    style="width: 0.01px;"
                  >
                    <span>
                      ​
                    </span>
                  </legend>
                </fieldset>
                <input
                  aria-invalid="false"
                  class="MuiInputBase-input MuiOutlinedInput-input"
                  data-testid="input__passwordConfirmation"
                  id="password_confirmation"
                  name="passwordConfirmation"
                  required=""
                  type="password"
                  value=""
                />
              </div>
              
            </div>
          </div>
        </div>
        <button
          class="MuiButtonBase-root MuiButton-root makeStyles-submit-4 MuiButton-contained MuiButton-containedPrimary MuiButton-fullWidth"
          data-testid="action__submit"
          tabindex="0"
          type="submit"
        >
          <span
            class="MuiButton-label"
          >
            Sign Up
          </span>
          <span
            class="MuiTouchRipple-root"
          />
        </button>
        <div
          class="MuiGrid-root MuiGrid-container MuiGrid-justify-xs-flex-end"
        >
          <div
            class="MuiGrid-root MuiGrid-item"
          >
            <a
              class="MuiTypography-root MuiLink-root MuiLink-underlineHover MuiTypography-body2 MuiTypography-colorPrimary"
              href="/login"
            >
              Already have an account? Sign in
            </a>
          </div>
        </div>
      </form>
    </div>
  </section>
</div>
`;
